============================= test session starts =============================
platform win32 -- Python 3.11.9, pytest-9.1.1, pluggy-1.6.0
rootdir: C:\converigo
configfile: pytest.ini
plugins: anyio-4.14.1, asyncio-1.4.0
asyncio: mode=Mode.STRICT, debug=False, asyncio_default_fixture_loop_scope=None, asyncio_default_test_loop_scope=function
collected 128 items

tests\test_adsense_pages.py .                                            [  0%]
tests\test_allowed_hosts.py .                                            [  1%]
tests\test_blog_pages.py .                                               [  2%]
tests\test_conversion_timeout.py ..                                      [  3%]
tests\test_converter_catalog_ranking.py .                                [  4%]
tests\test_converter_contract.py ...                                     [  7%]
tests\test_converter_json_enrichment.py F                                [  7%]
tests\test_converter_progress_integration.py ..                          [  9%]
tests\test_converter_registry_service.py ....                            [ 12%]
tests\test_google_analytics.py ..                                        [ 14%]
tests\test_growth_dashboard_production_audit.py .                        [ 14%]
tests\test_growth_dashboard_service.py F                                 [ 15%]
tests\test_health.py .......                                             [ 21%]
tests\test_homepage_faq.py .                                             [ 21%]
tests\test_hreflang.py ....                                              [ 25%]
tests\test_hub_page_service.py .                                         [ 25%]
tests\test_i18n.py ...                                                   [ 28%]
tests\test_image_cluster.py ...                                          [ 30%]
tests\test_image_hub.py ......                                           [ 35%]
tests\test_jpg_to_pdf.py .                                               [ 35%]
tests\test_jpg_to_pdf_landing.py .                                       [ 36%]
tests\test_jpg_to_png_landing.py ..                                      [ 38%]
tests\test_knowledge_service.py ..                                       [ 39%]
tests\test_landing_contract.py ..                                        [ 41%]
tests\test_landing_seo.py .                                              [ 42%]
tests\test_mobile_header_template.py ...                                 [ 44%]
tests\test_mp4_audio_cluster.py ..                                       [ 46%]
tests\test_mp4_to_mp3_landing.py F..                                     [ 48%]
tests\test_output_cleanup.py ..                                          [ 50%]
tests\test_pdf_cluster.py ...                                            [ 52%]
tests\test_pdf_to_jpg.py .                                               [ 53%]
tests\test_pdf_to_jpg_landing.py .                                       [ 53%]
tests\test_plugin_validation_service.py ...........................      [ 75%]
tests\test_png_to_jpg_landing.py .                                       [ 75%]
tests\test_png_to_webp_landing.py ..                                     [ 77%]
tests\test_production_audit_service.py ..                                [ 78%]
tests\test_programmatic_seo_service.py .                                 [ 79%]
tests\test_recommendation_service.py ..                                  [ 81%]
tests\test_related_converter_service.py ..                               [ 82%]
tests\test_robots.py .                                                   [ 83%]
tests\test_seo_urls.py .                                                 [ 84%]
tests\test_sitemap.py .                                                  [ 85%]
tests\test_sitemap_service.py ..                                         [ 86%]
tests\test_social_meta.py .                                              [ 87%]
tests\test_static_files.py .                                             [ 88%]
tests\test_traffic_batch_001.py ..                                       [ 89%]
tests\test_universal_route.py ...                                        [ 92%]
tests\test_upload_security.py ..F.                                       [ 95%]
tests\test_webp_to_jpg_landing.py ..                                     [ 96%]
tests\test_webp_to_png_landing.py ..                                     [ 98%]
tests\test_word_to_pdf.py .                                              [ 99%]
tests\test_word_to_pdf_landing.py .                                      [100%]

================================== FAILURES ===================================
__________ test_all_converters_include_universal_tool_page_sections ___________
tests\test_converter_json_enrichment.py:25: in test_all_converters_include_universal_tool_page_sections
    assert key in data, f"{path.name} is missing {key}"
E   AssertionError: avif-to-jpg.contract.json is missing hero
E   assert 'hero' in {'id': 'avif-to-jpg', 'slug': 'avif-to-jpg', 'name': 'AVIF to JPG', 'category': 'image', ...}
___________ test_growth_dashboard_service_reports_expected_metrics ____________
tests\test_growth_dashboard_service.py:42: in test_growth_dashboard_service_reports_expected_metrics
    assert dashboard["total_converters"] == 2
E   assert 23 == 2
____________ test_mp4_to_mp3_landing_page_renders_with_seo_and_faq ____________
tests\test_mp4_to_mp3_landing.py:30: in test_mp4_to_mp3_landing_page_renders_with_seo_and_faq
    assert "/tools/png-to-jpg" in response.text or "/tools/pdf-to-word" in response.text
E   assert ('/tools/png-to-jpg' in '<!DOCTYPE html>\n<html lang="en">\n\n<head>\n    <meta charset="utf-8">\n    <meta name="viewport" content="width=dev...>\n            </div>\n        </div>\n    </div>\n</section>\n\n        \n\n        \n    </main>\n</body>\n\n</html>' or '/tools/pdf-to-word' in '<!DOCTYPE html>\n<html lang="en">\n\n<head>\n    <meta charset="utf-8">\n    <meta name="viewport" content="width=dev...>\n            </div>\n        </div>\n    </div>\n</section>\n\n        \n\n        \n    </main>\n</body>\n\n</html>')
E    +  where '<!DOCTYPE html>\n<html lang="en">\n\n<head>\n    <meta charset="utf-8">\n    <meta name="viewport" content="width=dev...>\n            </div>\n        </div>\n    </div>\n</section>\n\n        \n\n        \n    </main>\n</body>\n\n</html>' = <Response [200 OK]>.text
E    +  and   '<!DOCTYPE html>\n<html lang="en">\n\n<head>\n    <meta charset="utf-8">\n    <meta name="viewport" content="width=dev...>\n            </div>\n        </div>\n    </div>\n</section>\n\n        \n\n        \n    </main>\n</body>\n\n</html>' = <Response [200 OK]>.text
---------------------------- Captured stderr call -----------------------------
2026-07-14 06:36:39,184 INFO httpx HTTP Request: GET http://testserver/mp4-to-mp3 "HTTP/1.1 200 OK"
------------------------------ Captured log call ------------------------------
INFO     httpx:_client.py:1025 HTTP Request: GET http://testserver/mp4-to-mp3 "HTTP/1.1 200 OK"
____________ test_mp4_with_mobile_container_signature_is_accepted _____________
app\services\upload_service.py:44: in process_upload
    validate_upload_file(file)
app\utils\file_validator.py:339: in validate_upload_file
    validate_signature(file, extension)
app\utils\file_validator.py:266: in validate_signature
    _validate_media_with_ffprobe(file, extension)
app\utils\file_validator.py:250: in _validate_media_with_ffprobe
    raise FileValidationError(
E   app.utils.file_validator.FileValidationError: Uploaded file contents do not match the file type.

The above exception was the direct cause of the following exception:
tests\test_upload_security.py:62: in test_mp4_with_mobile_container_signature_is_accepted
    saved_path = asyncio.run(service.process_upload(file))
                 ^^^^^^^^^^^^^^^^^^^^^^^^^^^^^^^^^^^^^^^^^
C:\Users\level\AppData\Local\Programs\Python\Python311\Lib\asyncio\runners.py:190: in run
    return runner.run(main)
           ^^^^^^^^^^^^^^^^
C:\Users\level\AppData\Local\Programs\Python\Python311\Lib\asyncio\runners.py:118: in run
    return self._loop.run_until_complete(task)
           ^^^^^^^^^^^^^^^^^^^^^^^^^^^^^^^^^^^
C:\Users\level\AppData\Local\Programs\Python\Python311\Lib\asyncio\base_events.py:654: in run_until_complete
    return future.result()
           ^^^^^^^^^^^^^^^
app\services\upload_service.py:104: in process_upload
    raise UploadError(
E   app.services.upload_service.UploadError: Uploaded file contents do not match the file type.
============================== warnings summary ===============================
.venv\Lib\site-packages\fastapi\testclient.py:1
  C:\converigo\.venv\Lib\site-packages\fastapi\testclient.py:1: StarletteDeprecationWarning: Using `httpx` with `starlette.testclient` is deprecated; install `httpx2` instead.
    from starlette.testclient import TestClient as TestClient  # noqa

tests/test_pdf_to_jpg.py::test_pdf_to_jpg_plugin_is_discovered_and_converts
tests/test_pdf_to_jpg.py::test_pdf_to_jpg_plugin_is_discovered_and_converts
  <frozen importlib._bootstrap>:241: DeprecationWarning: builtin type SwigPyPacked has no __module__ attribute

tests/test_pdf_to_jpg.py::test_pdf_to_jpg_plugin_is_discovered_and_converts
tests/test_pdf_to_jpg.py::test_pdf_to_jpg_plugin_is_discovered_and_converts
  <frozen importlib._bootstrap>:241: DeprecationWarning: builtin type SwigPyObject has no __module__ attribute

tests/test_pdf_to_jpg.py::test_pdf_to_jpg_plugin_is_discovered_and_converts
  <frozen importlib._bootstrap>:241: DeprecationWarning: builtin type swigvarlink has no __module__ attribute

-- Docs: https://docs.pytest.org/en/stable/how-to/capture-warnings.html
=========================== short test summary info ===========================
FAILED tests/test_converter_json_enrichment.py::test_all_converters_include_universal_tool_page_sections
FAILED tests/test_growth_dashboard_service.py::test_growth_dashboard_service_reports_expected_metrics
FAILED tests/test_mp4_to_mp3_landing.py::test_mp4_to_mp3_landing_page_renders_with_seo_and_faq
FAILED tests/test_upload_security.py::test_mp4_with_mobile_container_signature_is_accepted
================= 4 failed, 124 passed, 6 warnings in 16.69s ==================
c:/converigo/.venv/Scripts/python.exe : sys:1: DeprecationWarning: builtin 
type swigvarlink has no __module__ attribute
At line:1 char:1
+ c:/converigo/.venv/Scripts/python.exe -m pytest tests/ --tb=short 2>& ...
+ ~~~~~~~~~~~~~~~~~~~~~~~~~~~~~~~~~~~~~~~~~~~~~~~~~~~~~~~~~~~~~~~~~~~~~
    + CategoryInfo          : NotSpecified: (sys:1: Deprecat...ule__ attribute 
   :String) [], RemoteException
    + FullyQualifiedErrorId : NativeCommandError
 
